// Vitest Snapshot v1, https://vitest.dev/guide/snapshot.html

exports[`ClassificationLambdaStack > matches snapshot (dev) 1`] = `
{
  "Metadata": "__SCRUBBED_METADATA__",
  "Outputs": {
    "AliasArn": {
      "Export": {
        "Name": "ClassificationAliasArn-dev",
      },
      "Value": {
        "Ref": "ClassificationFunctionCurrentVersionAliaslive__HASH__",
      },
    },
    "FunctionName": {
      "Export": {
        "Name": "ClassificationFunctionName-dev",
      },
      "Value": {
        "Ref": "ClassificationFunction__HASH__",
      },
    },
  },
  "Parameters": {
    "BootstrapVersion": {
      "Default": "__BOOTSTRAP_PARAM__",
      "Description": "Version of the CDK Bootstrap resources in this environment, automatically retrieved from SSM Parameter Store. [cdk:skip]",
      "Type": "AWS::SSM::Parameter::Value<String>",
    },
  },
  "Resources": {
    "ClassificationFunctionCurrentVersionAliaslive__HASH__": {
      "Properties": {
        "FunctionName": {
          "Ref": "ClassificationFunction__HASH__",
        },
        "FunctionVersion": {
          "Fn::GetAtt": [
            "ClassificationFunctionCurrentVersion__CONTENT_HASH__",
            "Version",
          ],
        },
        "Name": "live",
      },
      "Type": "AWS::Lambda::Alias",
    },
    "ClassificationFunctionCurrentVersion__CONTENT_HASH__": {
      "Metadata": "__SCRUBBED_METADATA__",
      "Properties": {
        "FunctionName": {
          "Ref": "ClassificationFunction__HASH__",
        },
      },
      "Type": "AWS::Lambda::Version",
    },
    "ClassificationFunctionLogRetention__HASH__": {
      "Properties": {
        "LogGroupName": {
          "Fn::Join": [
            "",
            [
              "/aws/lambda/",
              {
                "Ref": "ClassificationFunction__HASH__",
              },
            ],
          ],
        },
        "RetentionInDays": 7,
        "ServiceToken": {
          "Fn::GetAtt": [
            "LogRetention__CONTENT_HASH__",
            "Arn",
          ],
        },
      },
      "Type": "Custom::LogRetention",
    },
    "ClassificationFunctionServiceRoleDefaultPolicy__HASH__": {
      "Metadata": "__SCRUBBED_METADATA__",
      "Properties": {
        "PolicyDocument": {
          "Statement": [
            {
              "Action": [
                "xray:PutTraceSegments",
                "xray:PutTelemetryRecords",
              ],
              "Effect": "Allow",
              "Resource": "*",
            },
            {
              "Action": [
                "dynamodb:GetItem",
                "dynamodb:PutItem",
                "dynamodb:UpdateItem",
              ],
              "Effect": "Allow",
              "Resource": {
                "Fn::ImportValue": "TestData:ExportsOutputFnGetAttContentHashes5075044EArn__HASH__",
              },
              "Sid": "ContentHashesReadWrite",
            },
            {
              "Action": "dynamodb:GetItem",
              "Effect": "Allow",
              "Resource": {
                "Fn::ImportValue": "TestData:ExportsOutputFnGetAttWorkspaceConfig7D5932DAArn__HASH__",
              },
              "Sid": "WorkspaceConfigReadOnly",
            },
            {
              "Action": "s3:GetObject",
              "Effect": "Allow",
              "Resource": "arn:aws:s3:::document-bucket-dev/*",
              "Sid": "S3DocumentRead",
            },
            {
              "Action": [
                "states:SendTaskSuccess",
                "states:SendTaskFailure",
              ],
              "Effect": "Allow",
              "Resource": "arn:aws:states:us-east-1:111111111111:stateMachine:document-ingestion-dev",
              "Sid": "StepFunctionSignal",
            },
          ],
          "Version": "2012-10-17",
        },
        "PolicyName": "ClassificationFunctionServiceRoleDefaultPolicy__HASH__",
        "Roles": [
          {
            "Ref": "ClassificationFunctionServiceRole__HASH__",
          },
        ],
      },
      "Type": "AWS::IAM::Policy",
    },
    "ClassificationFunctionServiceRole__HASH__": {
      "Metadata": "__SCRUBBED_METADATA__",
      "Properties": {
        "AssumeRolePolicyDocument": {
          "Statement": [
            {
              "Action": "sts:AssumeRole",
              "Effect": "Allow",
              "Principal": {
                "Service": "lambda.amazonaws.com",
              },
            },
          ],
          "Version": "2012-10-17",
        },
        "ManagedPolicyArns": [
          {
            "Fn::Join": [
              "",
              [
                "arn:",
                {
                  "Ref": "AWS::Partition",
                },
                ":iam::aws:policy/service-role/AWSLambdaBasicExecutionRole",
              ],
            ],
          },
        ],
        "Tags": [
          {
            "Key": "Component",
            "Value": "lambda",
          },
        ],
      },
      "Type": "AWS::IAM::Role",
    },
    "ClassificationFunction__HASH__": {
      "DependsOn": [
        "ClassificationFunctionServiceRoleDefaultPolicy__HASH__",
        "ClassificationFunctionServiceRole__HASH__",
      ],
      "Metadata": "__SCRUBBED_METADATA__",
      "Properties": {
        "Architectures": [
          "arm64",
        ],
        "Code": {
          "S3Bucket": {
            "Fn::Sub": "cdk-hnb659fds-assets-\${AWS::AccountId}-\${AWS::Region}",
          },
          "S3Key": "__VOLATILE_HASH__",
        },
        "Environment": {
          "Variables": {
            "CONTENT_HASH_TABLE_NAME": {
              "Fn::ImportValue": "TestData:ExportsOutputRefContentHashes5075044E__HASH__",
            },
            "LOG_LEVEL": "DEBUG",
            "POWERTOOLS_DEV": "true",
            "POWERTOOLS_LOGGER_LOG_EVENT": "false",
            "POWERTOOLS_LOGGER_SAMPLE_RATE": "1",
            "POWERTOOLS_METRICS_NAMESPACE": "ClassificationService",
            "POWERTOOLS_SERVICE_NAME": "classification-service",
            "STATE_MACHINE_ARN": "arn:aws:states:us-east-1:111111111111:stateMachine:document-ingestion-dev",
            "WORKSPACE_CONFIG_TABLE_NAME": {
              "Fn::ImportValue": "TestData:ExportsOutputRefWorkspaceConfig7D5932DA__HASH__",
            },
          },
        },
        "FunctionName": "classification-service-dev",
        "Handler": "index.handler",
        "MemorySize": 512,
        "Role": {
          "Fn::GetAtt": [
            "ClassificationFunctionServiceRole__HASH__",
            "Arn",
          ],
        },
        "Runtime": "nodejs20.x",
        "Tags": [
          {
            "Key": "Component",
            "Value": "lambda",
          },
        ],
        "Timeout": 30,
        "TracingConfig": {
          "Mode": "Active",
        },
      },
      "Type": "AWS::Lambda::Function",
    },
    "LogRetention__CONTENT_HASH__": {
      "DependsOn": [
        "LogRetention__CONTENT_HASH__ServiceRoleDefaultPolicy__HASH__",
        "LogRetention__CONTENT_HASH__ServiceRole__HASH__",
      ],
      "Properties": {
        "Code": {
          "S3Bucket": {
            "Fn::Sub": "cdk-hnb659fds-assets-\${AWS::AccountId}-\${AWS::Region}",
          },
          "S3Key": "__VOLATILE_HASH__",
        },
        "Handler": "index.handler",
        "Role": {
          "Fn::GetAtt": [
            "LogRetention__CONTENT_HASH__ServiceRole__HASH__",
            "Arn",
          ],
        },
        "Runtime": "nodejs22.x",
        "Tags": [
          {
            "Key": "Component",
            "Value": "lambda",
          },
        ],
        "Timeout": 900,
      },
      "Type": "AWS::Lambda::Function",
    },
    "LogRetention__CONTENT_HASH__ServiceRoleDefaultPolicy__HASH__": {
      "Properties": {
        "PolicyDocument": {
          "Statement": [
            {
              "Action": [
                "logs:PutRetentionPolicy",
                "logs:DeleteRetentionPolicy",
              ],
              "Effect": "Allow",
              "Resource": "*",
            },
          ],
          "Version": "2012-10-17",
        },
        "PolicyName": "LogRetention__CONTENT_HASH__ServiceRoleDefaultPolicy__HASH__",
        "Roles": [
          {
            "Ref": "LogRetention__CONTENT_HASH__ServiceRole__HASH__",
          },
        ],
      },
      "Type": "AWS::IAM::Policy",
    },
    "LogRetention__CONTENT_HASH__ServiceRole__HASH__": {
      "Properties": {
        "AssumeRolePolicyDocument": {
          "Statement": [
            {
              "Action": "sts:AssumeRole",
              "Effect": "Allow",
              "Principal": {
                "Service": "lambda.amazonaws.com",
              },
            },
          ],
          "Version": "2012-10-17",
        },
        "ManagedPolicyArns": [
          {
            "Fn::Join": [
              "",
              [
                "arn:",
                {
                  "Ref": "AWS::Partition",
                },
                ":iam::aws:policy/service-role/AWSLambdaBasicExecutionRole",
              ],
            ],
          },
        ],
        "Tags": [
          {
            "Key": "Component",
            "Value": "lambda",
          },
        ],
      },
      "Type": "AWS::IAM::Role",
    },
    "Sampling": {
      "Properties": {
        "SamplingRule": {
          "FixedRate": 0.5,
          "HTTPMethod": "*",
          "Host": "*",
          "Priority": 1000,
          "ReservoirSize": 1,
          "ResourceARN": "*",
          "RuleName": "classification-service-dev",
          "ServiceName": "classification-service",
          "ServiceType": "AWS::Lambda::Function",
          "URLPath": "*",
          "Version": 1,
        },
        "Tags": [
          {
            "Key": "Component",
            "Value": "lambda",
          },
        ],
      },
      "Type": "AWS::XRay::SamplingRule",
    },
  },
  "Rules": {
    "CheckBootstrapVersion": {
      "Assertions": [
        {
          "Assert": {
            "Fn::Not": [
              {
                "Fn::Contains": [
                  [
                    "1",
                    "2",
                    "3",
                    "4",
                    "5",
                  ],
                  {
                    "Ref": "BootstrapVersion",
                  },
                ],
              },
            ],
          },
          "AssertDescription": "CDK bootstrap stack version 6 required. Please run 'cdk bootstrap' with a recent version of the CDK CLI.",
        },
      ],
    },
  },
}
`;
